// Jest Snapshot v1, https://goo.gl/fbAQLP

exports[`should render correct ExpenseDashboardPage 1`] = `
<div>
  Dashboard page content
</div>
`;
